// Jest Snapshot v1, https://goo.gl/fbAQLP

exports[`NewInventory should render the NewInventory form 1`] = `
[
  <section
    class="pf-c-page__main-section pf-m-light"
  >
    <div
      class="pf-l-level"
    >
      <div>
        <nav
          aria-label="Breadcrumb"
          class="pf-c-breadcrumb"
          data-ouia-component-id="OUIA-Generated-Breadcrumb-1"
          data-ouia-component-type="PF4/Breadcrumb"
          data-ouia-safe="true"
        >
          <ol
            class="pf-c-breadcrumb__list"
          >
            <li
              class="pf-c-breadcrumb__item"
              title="Inventories"
            >
              <a
                href="/inventories"
              >
                Inventories
              </a>
            </li>
            <li
              class="pf-c-breadcrumb__item"
              title="Add"
            >
              <span
                class="pf-c-breadcrumb__item-divider"
              >
                <svg
                  aria-hidden="true"
                  fill="currentColor"
                  height="1em"
                  role="img"
                  style="vertical-align:-0.125em"
                  viewBox="0 0 256 512"
                  width="1em"
                >
                  <path
                    d="M224.3 273l-136 136c-9.4 9.4-24.6 9.4-33.9 0l-22.6-22.6c-9.4-9.4-9.4-24.6 0-33.9l96.4-96.4-96.4-96.4c-9.4-9.4-9.4-24.6 0-33.9L54.3 103c9.4-9.4 24.6-9.4 33.9 0l136 136c9.5 9.4 9.5 24.6.1 34z"
                  />
                </svg>
              </span>
              Add
            </li>
          </ol>
        </nav>
      </div>
    </div>
    <h2
      class="pf-c-title pf-m-xl"
      data-ouia-component-id="OUIA-Generated-Title-1"
      data-ouia-component-type="PF4/Title"
      data-ouia-safe="true"
    >
      Add new inventory
    </h2>
  </section>,
  <section
    class="pf-c-page__main-section"
  >
    <article
      class="pf-c-card"
      data-ouia-component-id="OUIA-Generated-Card-1"
      data-ouia-component-type="PF4/Card"
      data-ouia-safe="true"
      id=""
    >
      <div
        class="pf-c-card__body sc-bcXHqe FaSym"
      >
        <form
          class="pf-c-form"
          novalidate=""
        >
          <div
            class="pf-l-stack pf-m-gutter"
            style="padding-right:30px"
          >
            <div
              class="pf-l-stack__item"
            >
              <div
                class="pf-l-grid pf-m-gutter"
              >
                <div
                  class="pf-l-grid__item pf-m-4-col"
                >
                  <div
                    class="pf-c-form__group"
                    style="padding-right:30px"
                  >
                    <div
                      class="pf-c-form__group-label"
                    >
                      <label
                        class="pf-c-form__label"
                        for="inventory-name"
                      >
                        <span
                          class="pf-c-form__label-text"
                        >
                          Name
                        </span>
                        <span
                          aria-hidden="true"
                          class="pf-c-form__label-required"
                        >
                           *
                        </span>
                      </label>
                       
                    </div>
                    <div
                      class="pf-c-form__group-control"
                    >
                      <input
                        aria-invalid="false"
                        class="pf-c-form-control"
                        data-ouia-component-id="OUIA-Generated-TextInputBase-1"
                        data-ouia-component-type="PF4/TextInput"
                        data-ouia-safe="true"
                        id="inventory-name"
                        label="Name"
                        placeholder="Insert name here"
                        required=""
                        type="text"
                        value=""
                      />
                    </div>
                  </div>
                </div>
                <div
                  class="pf-l-grid__item pf-m-4-col"
                >
                  <div
                    class="pf-c-form__group"
                    style="padding-right:30px"
                  >
                    <div
                      class="pf-c-form__group-label"
                    >
                      <label
                        class="pf-c-form__label"
                        for="inventory-description"
                      >
                        <span
                          class="pf-c-form__label-text"
                        >
                          Description
                        </span>
                      </label>
                       
                    </div>
                    <div
                      class="pf-c-form__group-control"
                    >
                      <input
                        aria-invalid="false"
                        class="pf-c-form-control"
                        data-ouia-component-id="OUIA-Generated-TextInputBase-2"
                        data-ouia-component-type="PF4/TextInput"
                        data-ouia-safe="true"
                        id="inventory-description"
                        label="Description"
                        placeholder="Insert description here"
                        type="text"
                      />
                    </div>
                  </div>
                </div>
              </div>
            </div>
            <div
              class="pf-l-stack__item"
            >
              <div
                class="pf-c-form__group"
                width="80pct"
              >
                <div
                  class="pf-c-form__group-label"
                >
                  <label
                    class="pf-c-form__label"
                    for="inventory-inventory"
                  >
                    <span
                      class="pf-c-form__label-text"
                    >
                      Inventory
                    </span>
                  </label>
                   
                </div>
                <div
                  class="pf-c-form__group-control"
                >
                  <div
                    class="pf-c-code-editor"
                  >
                    <div
                      class="pf-c-code-editor__header"
                    >
                      <div
                        class="pf-c-code-editor__controls"
                      />
                      <div
                        class="pf-c-code-editor__header-main"
                      />
                    </div>
                    <div
                      class="pf-c-code-editor__main"
                    >
                      <div
                        class="pf-c-code-editor__code"
                        tabindex="0"
                      >
                        <div
                          class="react-monaco-editor-container"
                          style="width:100%;height:400px"
                        />
                      </div>
                    </div>
                  </div>
                </div>
              </div>
            </div>
            <div
              class="pf-l-stack__item"
            >
              <div
                class="pf-c-form__group pf-m-action"
              >
                <div
                  class="pf-c-form__group-control"
                >
                  <div
                    class="pf-c-form__actions"
                  >
                    <button
                      aria-disabled="false"
                      class="pf-c-button pf-m-primary pf-m-progress"
                      data-ouia-component-id="OUIA-Generated-Button-primary-1"
                      data-ouia-component-type="PF4/Button"
                      data-ouia-safe="true"
                      type="button"
                    >
                      Add
                    </button>
                    <button
                      aria-disabled="false"
                      class="pf-c-button pf-m-link"
                      data-ouia-component-id="OUIA-Generated-Button-link-1"
                      data-ouia-component-type="PF4/Button"
                      data-ouia-safe="true"
                      type="button"
                    >
                       Cancel
                    </button>
                  </div>
                </div>
              </div>
            </div>
          </div>
        </form>
      </div>
    </article>
  </section>,
]
`;
