// Jest Snapshot v1, https://goo.gl/fbAQLP

exports[`ActionsHosts should render the ActionsView component 1`] = `
<ComponentWrapper
  initialEntries={
    [
      "/actions",
    ]
  }
>
  <IntlProvider
    defaultFormats={{}}
    defaultLocale="en"
    fallbackOnEmptyString={true}
    formats={{}}
    locale="en"
    messages={{}}
    onError={[Function]}
    onWarn={[Function]}
    textComponent={Symbol(react.fragment)}
  >
    <MemoryRouter
      initialEntries={
        [
          "/actions",
        ]
      }
      key="test"
      keyLength={0}
    >
      <Router
        history={
          {
            "action": "POP",
            "block": [Function],
            "canGo": [Function],
            "createHref": [Function],
            "entries": [
              {
                "hash": "",
                "pathname": "/actions",
                "search": "",
                "state": undefined,
              },
            ],
            "go": [Function],
            "goBack": [Function],
            "goForward": [Function],
            "index": 0,
            "length": 1,
            "listen": [Function],
            "location": {
              "hash": "",
              "pathname": "/actions",
              "search": "",
              "state": undefined,
            },
            "push": [Function],
            "replace": [Function],
          }
        }
      >
        <Route
          path="/actions/rules"
        />
      </Router>
    </MemoryRouter>
  </IntlProvider>
</ComponentWrapper>
`;
